[backblue.gif]
[fade.gif]
[index.html]
[dejan.works/img/thumbnail.png]
[dejan.works/img/touch-icon-iphone.png]
[dejan.works/img/touch-icon-ipad.png]
[dejan.works/img/touch-icon-iphone-retina.png]
[dejan.works/img/touch-icon-ipad-retina.png]
[dejan.works/img/favicon-16x16.png]
[dejan.works/img/favicon-32x32.png]
[dejan.works/img/favicon-96x96.png]
[ajax.googleapis.com/ajax/libs/jquery/1.8.3/jquery.min.js]
[www.dejan.works/index.html]
[www.dejan.works/fonts/Graphik-Regular.eot]
[www.dejan.works/fonts/Graphik-Regulard41d.eot]
[www.dejan.works/fonts/Graphik-Regular.woff]
[www.dejan.works/fonts/Graphik-Regular.ttf]
[www.dejan.works/fonts/Graphik-Semibold.eot]
[www.dejan.works/fonts/Graphik-Semiboldd41d.eot]
[www.dejan.works/fonts/Graphik-Semibold.woff]
[www.dejan.works/fonts/Graphik-Semibold.ttf]
[www.dejan.works/fonts/Graphik-Medium.eot]
[www.dejan.works/fonts/Graphik-Mediumd41d.eot]
[www.dejan.works/fonts/Graphik-Medium.woff]
[www.dejan.works/fonts/Graphik-Medium.ttf]
[www.dejan.works/img/DejanHome.png]
[www.dejan.works/img/devices-iphone-notch.png]
[www.dejan.works/img/devices-iphone.png]
[www.dejan.works/css/style.css]
[www.dejan.works/img/image-placeholder.png]
[www.dejan.works/img/Dejan.png]
[www.dejan.works/files/Dejan_Markovic_CV.pdf]
[polyfill.io/v2/polyfill.minc677.js]
[www.dejan.works/js/yall.min.js]
[www.dejan.works/about/index.html]
[www.dejan.works/work/index.html]
[unpkg.com/aos@3.0.0-beta.6/dist/aos.css]
[www.dejan.works/js/clipboard.min.js]
[www.dejan.works/contact/index.html]
[www.dejan.works/js/readingposition.js]
[www.dejan.works/work/days/img/Days.png]
[www.dejan.works/work/days/img/Days_App_v1.png]
[www.dejan.works/work/days/img/Days_App_V1_Retention.png]
[www.dejan.works/work/days/img/Days_App_v2.png]
[www.dejan.works/work/days/img/Days_App_AB_Upgrade.png]
[www.dejan.works/work/days/img/Days_AB_Upgrade_Experiemnt_Groups.png]
[www.dejan.works/work/days/img/Days_App_Exclusive_Offer.png]
[www.dejan.works/work/days/img/Days_AB_Exclusive_Experiment.png]
[www.dejan.works/work/days/img/Days_App_App_Store_Images.png]
[www.dejan.works/work/days/img/Days_App_Demographics.png]
[www.dejan.works/work/days/img/Days_App_Demographics_Location.png]
[www.dejan.works/work/days/img/Days_App_Demographics_Gender.png]
[www.dejan.works/work/days/video/Days.mp4]
[www.dejan.works/work/days/video/Days.png]
[www.dejan.works/work/days/img/Days_App_Screens_1.png]
[www.dejan.works/work/days/img/Days_App_Screens_2.png]
[www.dejan.works/work/days/img/Days_Website.png]
[www.dejan.works/work/days/img/Days_App_Twitter.png]
[www.dejan.works/work/days/img/Days_App_Store.png]
[www.dejan.works/work/days/video/Welcome_To_Days2.mp4]
[www.dejan.works/work/days/video/Welcome_To_Days2.png]
[www.dejan.works/work/days/video/Purchase.mp4]
[www.dejan.works/work/days/video/Purchase.png]
[www.dejan.works/work/days/img/Days_App_Free_Events.png]
[www.dejan.works/work/days/img/Days_App_iCloud.png]
[www.dejan.works/work/days/img/Days_App_Large_Events.png]
[www.dejan.works/work/days/index.html]
[www.dejan.works/work/invision/img/InVision_Hero.png]
[www.dejan.works/work/invision/img/InVision_Memories.png]
[www.dejan.works/work/invision/img/DSM_Intro.png]
[www.dejan.works/work/invision/img/DSM_v1_List.png]
[www.dejan.works/work/invision/img/DSM_v1_Home.png]
[www.dejan.works/work/invision/img/DSM_v1_Overview.png]
[www.dejan.works/work/invision/img/DSM_v1_Component.png]
[www.dejan.works/work/invision/img/DSM_v1_React.png]
[www.dejan.works/work/invision/img/DSM_New_React.png]
[www.dejan.works/work/invision/img/Craft_Cover.png]
[www.dejan.works/work/invision/img/Craft_Sync_Sketch.png]
[www.dejan.works/work/invision/img/Craft_Sync_Photoshop.png]
[www.dejan.works/work/invision/img/Craft_Sync_Prototype_list.png]
[www.dejan.works/work/invision/img/Craft_Sync_Publish.png]
[www.dejan.works/work/invision/img/Craft_Prototype_Intro.png]
[www.dejan.works/work/invision/img/Craft_Prototype_Sketch.png]
[www.dejan.works/work/invision/img/Craft_Manager_Welcome.png]
[www.dejan.works/work/invision/img/Craft_Manager_Tools.png]
[www.dejan.works/work/invision/img/Craft_Manager_Plugins.png]
[www.dejan.works/work/invision/img/Inspect.png]
[www.dejan.works/work/invision/img/Inspect_Interface.png]
[www.dejan.works/work/invision/img/Inspect_Layer_Selected.png]
[www.dejan.works/work/invision/img/Inspect_Assets.png]
[www.dejan.works/work/invision/img/Inspect_DSM.png]
[www.dejan.works/work/invision/video/Inspect_video.mp4]
[www.dejan.works/work/invision/video/Inspect_video_cover.png]
[www.dejan.works/work/invision/index.html]
[www.dejan.works/work/achievo/img/Achievo.png]
[www.dejan.works/work/achievo/img/Achievo_Finding_ideas.png]
[www.dejan.works/work/achievo/img/Achievo_Ideas_Validation.png]
[www.dejan.works/work/achievo/img/Achievo_Goals_Study.png]
[www.dejan.works/work/achievo/img/Achievo_Branding.png]
[www.dejan.works/work/achievo/img/Achievo_Landing_Website.png]
[www.dejan.works/work/achievo/img/Achievo_User_Stories.png]
[www.dejan.works/work/achievo/img/Achievo_Personas.png]
[www.dejan.works/work/achievo/img/Achievo_Create_Goal.png]
[www.dejan.works/work/achievo/img/Achievo_Flow.png]
[www.dejan.works/work/achievo/img/Achievo_Wireframes.png]
[www.dejan.works/work/achievo/img/Achievo_Wireframes2.png]
[www.dejan.works/work/achievo/img/Achievo_Case_Study.png]
[www.dejan.works/work/achievo/img/Achievo_Improvements.png]
[www.dejan.works/work/achievo/img/Achievo_Landing.png]
[www.dejan.works/work/achievo/img/Achievo_Sign_Up.png]
[www.dejan.works/work/achievo/img/Achievo_Intro.png]
[www.dejan.works/work/achievo/img/Achievo_User.png]
[www.dejan.works/work/achievo/img/Achievo_Create.png]
[www.dejan.works/work/achievo/img/Achievo_New_Goal.png]
[www.dejan.works/work/achievo/img/Achievo_New_Task.png]
[www.dejan.works/work/achievo/img/Achievo_Overview.png]
[www.dejan.works/work/achievo/img/Achievo_Edit_Goal.png]
[www.dejan.works/work/achievo/img/Achievo_Task.png]
[www.dejan.works/work/achievo/img/Achievo_Edit_Task.png]
[www.dejan.works/work/achievo/index.html]
[www.dejan.works/work/freelance/img/Freelance.png]
[www.dejan.works/work/freelance/img/Rehash.png]
[www.dejan.works/work/freelance/img/Rehash_Import.png]
[www.dejan.works/work/freelance/img/Rehash_Menu.png]
[www.dejan.works/work/freelance/img/Pingg_Overview.png]
[www.dejan.works/work/freelance/img/Pingg_Profile.png]
[www.dejan.works/work/freelance/img/ArtAttack_Discover.png]
[www.dejan.works/work/freelance/img/ArtAttack_Buy.png]
[www.dejan.works/work/freelance/img/ArtAttack_Profile.png]
[www.dejan.works/work/freelance/img/Sippo_Overview.png]
[www.dejan.works/work/freelance/img/Sippo_Onboarding.png]
[www.dejan.works/work/freelance/img/Sippo_App.png]
[www.dejan.works/work/freelance/img/Sippo_Website.png]
[www.dejan.works/work/freelance/img/Coffee.png]
[www.dejan.works/work/freelance/img/Coffee_Place.png]
[www.dejan.works/work/freelance/img/Coffee_News.png]
[www.dejan.works/work/freelance/img/Coffee_Invite.png]
[www.dejan.works/work/freelance/img/OneLess.png]
[www.dejan.works/work/freelance/img/OneLess_Website.png]
[www.dejan.works/work/freelance/img/Visuals_1.png]
[www.dejan.works/work/freelance/img/Visuals_2.png]
[www.dejan.works/work/freelance/img/Visuals_3.png]
[www.dejan.works/work/freelance/img/Visuals_4.png]
[www.dejan.works/work/freelance/img/Visuals_5.png]
[www.dejan.works/work/freelance/img/Visuals_6.png]
[www.dejan.works/work/freelance/img/Visuals_7.png]
[www.dejan.works/work/freelance/img/Visuals_8.png]
[www.dejan.works/work/freelance/img/Visuals_9.png]
[www.dejan.works/work/freelance/img/Visuals_10.png]
[www.dejan.works/work/freelance/img/Visuals_11.png]
[www.dejan.works/work/freelance/img/Visuals_12.png]
[www.dejan.works/work/freelance/index.html]
[www.dejan.works/work/eduplay/img/Eduplay.png]
[www.dejan.works/work/eduplay/img/Eduplay_Goals.png]
[www.dejan.works/work/eduplay/img/Eduplay_Map.png]
[www.dejan.works/work/eduplay/img/Eduplay_Product.png]
[www.dejan.works/work/eduplay/img/Eduplay_Photos.png]
[www.dejan.works/work/eduplay/index.html]
[unpkg.com/aos@3.0.0-beta.6/dist/aos.css]
[www.dejan.works/work/days/img/Days_AB_Purchase_Improvement.html]
[www.dejan.works/work/days/img/Days_AB_Exclusive_Group.html]
[www.dejan.works/work/freelance/img/.html]
